------------------------------------------------------------
Timing Analyzer Summary
------------------------------------------------------------

Type  : Slow 1100mV 100C Model Setup 'clk'
Slack : -119.702
TNS   : -53230.398

Type  : Slow 1100mV 100C Model Hold 'clk'
Slack : 0.323
TNS   : 0.000

Type  : Slow 1100mV 100C Model Minimum Pulse Width 'clk'
Slack : -2.225
TNS   : -6377.407

Type  : Slow 1100mV -40C Model Setup 'clk'
Slack : -122.355
TNS   : -54466.001

Type  : Slow 1100mV -40C Model Hold 'clk'
Slack : 0.182
TNS   : 0.000

Type  : Slow 1100mV -40C Model Minimum Pulse Width 'clk'
Slack : -2.225
TNS   : -6653.599

Type  : Fast 1100mV 100C Model Setup 'clk'
Slack : -63.288
TNS   : -25919.265

Type  : Fast 1100mV 100C Model Hold 'clk'
Slack : 0.165
TNS   : 0.000

Type  : Fast 1100mV 100C Model Minimum Pulse Width 'clk'
Slack : -1.702
TNS   : -2647.445

Type  : Fast 1100mV -40C Model Setup 'clk'
Slack : -55.382
TNS   : -21993.263

Type  : Fast 1100mV -40C Model Hold 'clk'
Slack : 0.097
TNS   : 0.000

Type  : Fast 1100mV -40C Model Minimum Pulse Width 'clk'
Slack : -1.702
TNS   : -2650.535

------------------------------------------------------------
